<html>
<body>
<pre>
<h1>礦ision Build Log</h1>
<h2>Tool Versions:</h2>
IDE-Version: μVision V5.26.2.0
Copyright (C) 2018 ARM Ltd and ARM Germany GmbH. All rights reserved.
License Information: 11 11, 111, LIC=9WSKC-7QHN9-CXSU6-DKSJT-HKEDN-NYBA8
 
Tool Versions:
Toolchain:       MDK-ARM Plus  Version: 5.26.2.0
Toolchain Path:  E:\keil5\ARM\ARMCC\Bin
C Compiler:      Armcc.exe V5.06 update 6 (build 750)
Assembler:       Armasm.exe V5.06 update 6 (build 750)
Linker/Locator:  ArmLink.exe V5.06 update 6 (build 750)
Library Manager: ArmAr.exe V5.06 update 6 (build 750)
Hex Converter:   FromElf.exe V5.06 update 6 (build 750)
CPU DLL:         SARMCM3.DLL V5.26.2.0
Dialog DLL:      DCM.DLL V1.17.2.0
Target DLL:      STLink\ST-LINKIII-KEIL_SWO.dll V3.0.5.0
Dialog DLL:      TCM.DLL V1.36.1.0
 
<h2>Project:</h2>
H:\personal_project\keil project\ChargeSwitch\SoftWare\FATFS_SD\MDK-ARM\FATFS_SD.uvprojx
Project File Date:  12/18/2021

<h2>Output:</h2>
*** Using Compiler 'V5.06 update 6 (build 750)', folder: 'E:\keil5\ARM\ARMCC\Bin'
Rebuild target 'FATFS_SD'
assembling startup_stm32f429xx.s...
compiling stm32f4xx_hal_msp.c...
compiling stm32f4xx_it.c...
compiling stm32f4xx_hal_timebase_tim.c...
compiling stm32f4xx_hal_rcc.c...
compiling osmonit.c...
..\Src\tools\log.h(14): warning:  #1295-D: Deprecated declaration Log_init - give arg types
  void Log_init();
..\Middlewares\Third_Party\FreeRTOS\Source\osmonit.c(556): warning:  #29-D: expected an expression
  #elif
..\Middlewares\Third_Party\FreeRTOS\Source\osmonit.c: 2 warnings, 0 errors
compiling freertos.c...
..\Src\tools\log.h(14): warning:  #1295-D: Deprecated declaration Log_init - give arg types
  void Log_init();
../Core/Src/freertos.c(130): warning:  #550-D: variable "u32Val"  was set but never used
  	UBaseType_t u32Val = 0;
../Core/Src/freertos.c: 2 warnings, 0 errors
compiling main.c...
..\Src\middle\fatfs\fatfs.h(34): warning:  #1295-D: Deprecated declaration my_fmount - give arg types
  FRESULT  my_fmount();
..\Src\tools\log.h(14): warning:  #1295-D: Deprecated declaration Log_init - give arg types
  void Log_init();
../Core/Src/main.c(67): warning:  #1295-D: Deprecated declaration LVGL_init - give arg types
  void LVGL_init();
../Core/Src/main.c(118): warning:  #223-D: function "RTC_Init" declared implicitly
    RTC_Init();
../Core/Src/main.c(123): warning:  #223-D: function "DMA_fsmc_Init" declared implicitly
    DMA_fsmc_Init();
../Core/Src/main.c(174): warning:  #223-D: function "lv_port_indev_init" declared implicitly
  	lv_port_indev_init();
../Core/Src/main.c: 6 warnings, 0 errors
compiling stm32f4xx_hal_flash_ex.c...
compiling stm32f4xx_hal_rcc_ex.c...
compiling stm32f4xx_hal_flash_ramfunc.c...
compiling stm32f4xx_hal_flash.c...
compiling stm32f4xx_hal_dma_ex.c...
compiling stm32f4xx_hal_gpio.c...
compiling stm32f4xx_hal_dma.c...
compiling stm32f4xx_hal_cortex.c...
compiling stm32f4xx_hal_pwr.c...
compiling stm32f4xx_hal.c...
compiling stm32f4xx_hal_pwr_ex.c...
compiling stm32f4xx_hal_exti.c...
compiling stm32f4xx_ll_fmc.c...
compiling stm32f4xx_hal_sram.c...
compiling stm32f4xx_ll_sdmmc.c...
compiling stm32f4xx_hal_sd.c...
compiling stm32f4xx_hal_tim_ex.c...
compiling stm32f4xx_hal_tim.c...
compiling stm32f4xx_hal_uart.c...
compiling stm32f4xx_hal_rtc.c...
compiling stm32f4xx_hal_iwdg.c...
compiling stm32f4xx_hal_rtc_ex.c...
compiling croutine.c...
compiling event_groups.c...
compiling list.c...
compiling stm32f4xx_hal_sdram.c...
compiling queue.c...
compiling system_stm32f4xx.c...
compiling stream_buffer.c...
compiling timers.c...
compiling heap_4.c...
compiling cmsis_os.c...
compiling diskio.c...
compiling key.c...
compiling port.c...
compiling ff_gen_drv.c...
compiling ff.c...
compiling syscall.c...
compiling bsp_driver_sd.c...
compiling gui_app_anim.c...
compiling gui_app_test.c...
..\Src\module\gui\gui_app_test.c(102): warning:  #177-D: variable "tfall_anim"  was declared but never referenced
  	lv_anim_t tfall_anim;
..\Src\module\gui\gui_app_test.c(152): warning:  #177-D: variable "count"  was declared but never referenced
  	static unsigned char count = 0;
..\Src\module\gui\gui_app_test.c(153): warning:  #177-D: variable "curr_id"  was declared but never referenced
      static unsigned int curr_id = 0;
..\Src\module\gui\gui_app_test.c(154): warning:  #177-D: variable "week"  was declared but never referenced
      static const char *week[7] = { "日","一","二","三","四","五","六" };
..\Src\module\gui\gui_app_test.c(268): warning:  #9-D: nested comment is not allowed
  //*/
..\Src\module\gui\gui_app_test.c(342): warning:  #1-D: last line of file ends without a newline
  //} 
..\Src\module\gui\gui_app_test.c(15): warning:  #550-D: variable "main_img"  was set but never used
  static lv_obj_t *main_img; //定义主背景图片Img
..\Src\module\gui\gui_app_test.c(16): warning:  #177-D: variable "bat_img"  was declared but never referenced
  static lv_obj_t *bat_img; //定义主背景电量图片Img
..\Src\module\gui\gui_app_test.c(17): warning:  #177-D: variable "charge_img"  was declared but never referenced
  static lv_obj_t *charge_img; 
..\Src\module\gui\gui_app_test.c(150): warning:  #177-D: function "clock_task"  was declared but never referenced
  static void clock_task(lv_task_t *t)
..\Src\module\gui\gui_app_test.c(170): warning:  #177-D: variable "pstTask"  was declared but never referenced
  static lv_task_t *pstTask;
..\Src\module\gui\gui_app_test.c(171): warning:  #177-D: variable "people_img"  was declared but never referenced
  static lv_obj_t *people_img;	//定义主背景图片img
..\Src\module\gui\gui_app_test.c: 12 warnings, 0 errors
compiling log.c...
..\Src\tools\log.h(14): warning:  #1295-D: Deprecated declaration Log_init - give arg types
  void Log_init();
..\Src\tools\log.c: 1 warning, 0 errors
compiling tasks.c...
..\Src\tools\log.h(14): warning:  #1295-D: Deprecated declaration Log_init - give arg types
  void Log_init();
../Middlewares/Third_Party/FreeRTOS/Source/tasks.c: 1 warning, 0 errors
compiling sd_diskio.c...
compiling fatfs.c...
..\Src\middle\fatfs\fatfs.h(34): warning:  #1295-D: Deprecated declaration my_fmount - give arg types
  FRESULT  my_fmount();
..\Src\tools\log.h(14): warning:  #1295-D: Deprecated declaration Log_init - give arg types
  void Log_init();
..\Src\middle\fatfs\fatfs.c: 2 warnings, 0 errors
compiling tftlcd_opr.c...
..\Src\tools\log.h(14): warning:  #1295-D: Deprecated declaration Log_init - give arg types
  void Log_init();
..\Src\module\tftlcd\tftlcd_opr.c(54): warning:  #223-D: function "creat_task_info" declared implicitly
      creat_task_info(lcd_task_handele_tid, "lcd task");
..\Src\module\tftlcd\tftlcd_opr.c: 2 warnings, 0 errors
compiling tftlcd_arg.c...
..\Src\tools\log.h(14): warning:  #1295-D: Deprecated declaration Log_init - give arg types
  void Log_init();
..\Src\module\tftlcd\tftlcd_arg.c: 1 warning, 0 errors
compiling sd_card_opr.c...
..\Src\tools\log.h(14): warning:  #1295-D: Deprecated declaration Log_init - give arg types
  void Log_init();
..\Src\middle\fatfs\fatfs.h(34): warning:  #1295-D: Deprecated declaration my_fmount - give arg types
  FRESULT  my_fmount();
..\Src\module\sd_card\sd_card_opr.c(16): warning:  #223-D: function "sd_card_write" declared implicitly
  	sd_card_write();
..\Src\module\sd_card\sd_card_opr.c(39): warning:  #940-D: missing return statement at end of non-void function "sd_card_init" 
  }
..\Src\module\sd_card\sd_card_opr.c(47): warning:  #223-D: function "creat_task_info" declared implicitly
      creat_task_info(sd_card_task_handele_tid, "sd_card task");
..\Src\module\sd_card\sd_card_opr.c(48): warning:  #1-D: last line of file ends without a newline
  }
..\Src\module\sd_card\sd_card_opr.c: 6 warnings, 0 errors
compiling tim.c...
..\Src\tools\log.h(14): warning:  #1295-D: Deprecated declaration Log_init - give arg types
  void Log_init();
..\Src\drv\tim\tim.c(8): warning:  #9-D: nested comment is not allowed
  //*/
..\Src\drv\tim\tim.c(120): warning:  #223-D: function "lv_tick_inc" declared implicitly
  	lv_tick_inc(1); 
..\Src\drv\tim\tim.c: 3 warnings, 0 errors
compiling fmc.c...
..\Src\tools\log.h(14): warning:  #1295-D: Deprecated declaration Log_init - give arg types
  void Log_init();
..\Src\drv\fmc\fmc.c: 1 warning, 0 errors
compiling rtc.c...
..\Src\tools\log.h(14): warning:  #1295-D: Deprecated declaration Log_init - give arg types
  void Log_init();
..\Src\drv\rtc\rtc.c: 1 warning, 0 errors
compiling sd_card_process.c...
..\Src\module\sd_card\sd_card_process.h(4): warning:  #1295-D: Deprecated declaration sd_card_write - give arg types
  void sd_card_write();
..\Src\middle\fatfs\fatfs.h(34): warning:  #1295-D: Deprecated declaration my_fmount - give arg types
  FRESULT  my_fmount();
..\Src\module\sd_card\sd_card_process.c(20): warning:  #177-D: variable "finfo"  was declared but never referenced
      FILINFO finfo;
..\Src\module\sd_card\sd_card_process.c: 3 warnings, 0 errors
compiling usart.c...
..\Src\tools\log.h(14): warning:  #1295-D: Deprecated declaration Log_init - give arg types
  void Log_init();
..\Src\drv\uart\usart.c(83): warning:  #223-D: function "Error_Handler" declared implicitly
      Error_Handler();
..\Src\drv\uart\usart.c: 2 warnings, 0 errors
compiling sdio.c...
..\Src\tools\log.h(14): warning:  #1295-D: Deprecated declaration Log_init - give arg types
  void Log_init();
..\Src\drv\sdio\sdio.c(116): warning:  #223-D: function "Error_Handler" declared implicitly
        Error_Handler();
..\Src\drv\sdio\sdio.c(137): warning:  #223-D: function "Error_Handler" declared implicitly
        Error_Handler();
..\Src\drv\sdio\sdio.c: 3 warnings, 0 errors
compiling low_power.c...
..\Src\tools\log.h(14): warning:  #1295-D: Deprecated declaration Log_init - give arg types
  void Log_init();
..\Src\drv\standby\low_power.c: 1 warning, 0 errors
compiling SysCommDef.c...
..\Src\tools\log.h(14): warning:  #1295-D: Deprecated declaration Log_init - give arg types
  void Log_init();
..\Src\drv\sys\SysCommDef.c: 1 warning, 0 errors
compiling touch.c...
..\Src\tools\log.h(14): warning:  #1295-D: Deprecated declaration Log_init - give arg types
  void Log_init();
..\Src\drv\TOUCH\touch.c: 1 warning, 0 errors
compiling lcd_dma.c...
..\Src\tools\log.h(14): warning:  #1295-D: Deprecated declaration Log_init - give arg types
  void Log_init();
..\Src\drv\lcd_dma\lcd_dma.c(31): warning:  #223-D: function "LCD_WR_REG" declared implicitly
  		LCD_WR_REG(0x2c00);	
..\Src\drv\lcd_dma\lcd_dma.c: 2 warnings, 0 errors
compiling ott2001a.c...
..\Src\tools\log.h(14): warning:  #1295-D: Deprecated declaration Log_init - give arg types
  void Log_init();
..\Src\drv\TOUCH\ott2001a.c: 1 warning, 0 errors
compiling gt9271.c...
..\Src\tools\log.h(14): warning:  #1295-D: Deprecated declaration Log_init - give arg types
  void Log_init();
..\Src\drv\TOUCH\gt9271.c: 1 warning, 0 errors
compiling lv_demo_widgets.c...
compiling lv_disp.c...
compiling gt9147.c...
..\Src\tools\log.h(14): warning:  #1295-D: Deprecated declaration Log_init - give arg types
  void Log_init();
..\Src\drv\TOUCH\gt9147.c: 1 warning, 0 errors
compiling lv_group.c...
compiling lv_indev.c...
compiling lv_refr.c...
compiling lv_style.c...
compiling lv_obj.c...
..\Src\middle\GUI\lvgl\src\lv_core\lv_obj.c(4599): warning:  #111-D: statement is unreachable
              break;
..\Src\middle\GUI\lvgl\src\lv_core\lv_obj.c: 1 warning, 0 errors
compiling lv_draw_arc.c...
compiling lv_draw_blend.c...
compiling lv_draw_img.c...
compiling lv_draw_label.c...
compiling lv_draw_line.c...
compiling lv_draw_mask.c...
..\Src\middle\GUI\lvgl\src\lv_draw\lv_draw_mask.c(339): warning:  #111-D: statement is unreachable
          return;
..\Src\middle\GUI\lvgl\src\lv_draw\lv_draw_mask.c(350): warning:  #111-D: statement is unreachable
          return;
..\Src\middle\GUI\lvgl\src\lv_draw\lv_draw_mask.c: 2 warnings, 0 errors
compiling lv_draw_rect.c...
compiling lv_draw_triangle.c...
compiling lv_img_buf.c...
compiling lv_img_cache.c...
compiling lv_font.c...
compiling lv_img_decoder.c...
compiling lv_font_fmt_txt.c...
..\Src\middle\GUI\lvgl\src\lv_font\lv_font_fmt_txt.c(132): warning:  #111-D: statement is unreachable
      return NULL;
..\Src\middle\GUI\lvgl\src\lv_font\lv_font_fmt_txt.c: 1 warning, 0 errors
compiling lv_font_dejavu_16_persian_hebrew.c...
compiling lv_font_montserrat_8.c...
compiling lv_font_loader.c...
compiling lv_font_montserrat_12.c...
compiling lv_font_montserrat_10.c...
compiling lv_font_montserrat_12_subpx.c...
compiling lv_font_montserrat_14.c...
compiling lv_font_montserrat_18.c...
compiling lv_font_montserrat_16.c...
compiling ft5206.c...
..\Src\tools\log.h(14): warning:  #1295-D: Deprecated declaration Log_init - give arg types
  void Log_init();
..\Src\drv\TOUCH\ft5206.c: 1 warning, 0 errors
compiling lv_font_montserrat_24.c...
compiling ctiic.c...
..\Src\tools\log.h(14): warning:  #1295-D: Deprecated declaration Log_init - give arg types
  void Log_init();
..\Src\drv\TOUCH\ctiic.c: 1 warning, 0 errors
compiling lv_font_montserrat_22.c...
compiling lv_font_montserrat_20.c...
compiling lv_font_montserrat_28.c...
compiling lv_font_montserrat_26.c...
compiling lv_font_montserrat_30.c...
compiling lv_font_montserrat_28_compressed.c...
compiling sdram.c...
..\Src\tools\log.h(14): warning:  #1295-D: Deprecated declaration Log_init - give arg types
  void Log_init();
..\Src\drv\SDRAM\sdram.c: 1 warning, 0 errors
compiling lv_font_montserrat_34.c...
compiling lv_font_montserrat_38.c...
compiling lv_font_montserrat_36.c...
compiling lv_font_montserrat_40.c...
compiling lv_font_montserrat_32.c...
compiling lv_port_indev.c...
..\Src\tools\log.h(14): warning:  #1295-D: Deprecated declaration Log_init - give arg types
  void Log_init();
..\Src\middle\GUI\lvgl\examples\porting\lv_port_indev.c(161): warning:  #177-D: function "touchpad_is_pressed"  was declared but never referenced
  static bool touchpad_is_pressed(void)
..\Src\middle\GUI\lvgl\examples\porting\lv_port_indev.c(169): warning:  #177-D: function "touchpad_get_xy"  was declared but never referenced
  static void touchpad_get_xy(lv_coord_t * x, lv_coord_t * y)
..\Src\middle\GUI\lvgl\examples\porting\lv_port_indev.c(182): warning:  #177-D: function "mouse_init"  was declared but never referenced
  static void mouse_init(void)
..\Src\middle\GUI\lvgl\examples\porting\lv_port_indev.c(188): warning:  #177-D: function "mouse_read"  was declared but never referenced
  static bool mouse_read(lv_indev_drv_t * indev_drv, lv_indev_data_t * data)
..\Src\middle\GUI\lvgl\examples\porting\lv_port_indev.c(226): warning:  #177-D: function "keypad_init"  was declared but never referenced
  static void keypad_init(void)
..\Src\middle\GUI\lvgl\examples\porting\lv_port_indev.c(232): warning:  #177-D: function "keypad_read"  was declared but never referenced
  static bool keypad_read(lv_indev_drv_t * indev_drv, lv_indev_data_t * data)
..\Src\middle\GUI\lvgl\examples\porting\lv_port_indev.c(287): warning:  #177-D: function "encoder_init"  was declared but never referenced
  static void encoder_init(void)
..\Src\middle\GUI\lvgl\examples\porting\lv_port_indev.c(293): warning:  #177-D: function "encoder_read"  was declared but never referenced
  static bool encoder_read(lv_indev_drv_t * indev_drv, lv_indev_data_t * data)
..\Src\middle\GUI\lvgl\examples\porting\lv_port_indev.c(304): warning:  #177-D: function "encoder_handler"  was declared but never referenced
  static void encoder_handler(void)
..\Src\middle\GUI\lvgl\examples\porting\lv_port_indev.c(317): warning:  #177-D: function "button_init"  was declared but never referenced
  static void button_init(void)
..\Src\middle\GUI\lvgl\examples\porting\lv_port_indev.c(323): warning:  #177-D: function "button_read"  was declared but never referenced
  static bool button_read(lv_indev_drv_t * indev_drv, lv_indev_data_t * data)
..\Src\middle\GUI\lvgl\examples\porting\lv_port_indev.c: 12 warnings, 0 errors
compiling lv_port_disp.c...
..\Src\tools\log.h(14): warning:  #1295-D: Deprecated declaration Log_init - give arg types
  void Log_init();
..\Src\middle\GUI\lvgl\examples\porting\lv_port_disp.c: 1 warning, 0 errors
compiling lv_font_montserrat_48.c...
compiling lv_font_montserrat_46.c...
compiling lv_font_simsun_16_cjk.c...
compiling lv_font_montserrat_42.c...
compiling lv_font_montserrat_44.c...
compiling lv_area.c...
compiling lv_anim.c...
compiling lv_hal_disp.c...
compiling lv_hal_indev.c...
compiling lv_hal_tick.c...
compiling lv_font_unscii_8.c...
compiling lv_font_unscii_16.c...
compiling lv_ll.c...
compiling lv_debug.c...
compiling lv_color.c...
compiling lv_fs.c...
compiling lv_bidi.c...
compiling lv_async.c...
compiling lv_gc.c...
compiling lv_templ.c...
compiling lv_log.c...
compiling lv_task.c...
compiling lv_printf.c...
compiling lv_txt.c...
compiling lv_mem.c...
..\Src\middle\GUI\lvgl\src\lv_misc\lv_mem.c(511): warning:  #111-D: statement is unreachable
                  return NULL;
..\Src\middle\GUI\lvgl\src\lv_misc\lv_mem.c(521): warning:  #111-D: statement is unreachable
      return NULL;
..\Src\middle\GUI\lvgl\src\lv_misc\lv_mem.c: 2 warnings, 0 errors
compiling lv_math.c...
compiling lv_theme_empty.c...
compiling lv_txt_ap.c...
compiling lv_utils.c...
compiling lv_theme.c...
compiling lv_arc.c...
compiling lv_theme_template.c...
compiling lv_bar.c...
compiling lv_btnmatrix.c...
compiling lv_theme_material.c...
compiling lv_btn.c...
compiling lv_theme_mono.c...
compiling lv_checkbox.c...
compiling lv_cont.c...
compiling lv_gauge.c...
compiling lv_dropdown.c...
compiling lv_img.c...
compiling lv_cpicker.c...
compiling lv_canvas.c...
compiling lv_calendar.c...
..\Src\middle\GUI\lvgl\src\lv_widgets\lv_calendar.c(447): warning:  #111-D: statement is unreachable
          return LV_RES_OK;
..\Src\middle\GUI\lvgl\src\lv_widgets\lv_calendar.c: 1 warning, 0 errors
compiling lv_chart.c...
compiling lv_led.c...
compiling lv_linemeter.c...
compiling lv_imgbtn.c...
compiling lv_keyboard.c...
compiling lv_line.c...
compiling lv_roller.c...
compiling lv_msgbox.c...
compiling lv_label.c...
compiling lv_list.c...
compiling lv_objx_templ.c...
compiling lv_objmask.c...
compiling lv_slider.c...
compiling lv_table.c...
compiling lv_page.c...
compiling lv_spinner.c...
compiling lv_switch.c...
compiling lv_tabview.c...
compiling lv_spinbox.c...
compiling lv_win.c...
compiling lv_tileview.c...
compiling lv_textarea.c...
compiling heart.c...
linking...
Program Size: Code=160692 RO-data=78672 RW-data=740 ZI-data=2478476  
FromELF: creating hex file...
"FATFS_SD\FATFS_SD.axf" - 0 Error(s), 79 Warning(s).

<h2>Software Packages used:</h2>

Package Vendor: ARM
                http://www.keil.com/pack/ARM.CMSIS.5.4.0.pack
                ARM.CMSIS.5.4.0
                CMSIS (Cortex Microcontroller Software Interface Standard)
   * Component: CORE Version: 5.1.2

Package Vendor: Keil
                http://www.keil.com/pack/Keil.STM32F4xx_DFP.2.14.0.pack
                Keil.STM32F4xx_DFP.2.14.0
                STMicroelectronics STM32F4 Series Device Support, Drivers and Examples

<h2>Collection of Component include folders:</h2>
  .\RTE\_FATFS_SD
  E:\keil5\ARM\PACK\ARM\CMSIS\5.4.0\CMSIS\Core\Include
  E:\keil5\ARM\PACK\Keil\STM32F4xx_DFP\2.14.0\Drivers\CMSIS\Device\ST\STM32F4xx\Include

<h2>Collection of Component Files used:</h2>

   * Component: ARM::CMSIS:CORE:5.1.2
Build Time Elapsed:  00:02:12
</pre>
</body>
</html>
